????
FrankRao's Blog
If you don’t build YOUR dream, someone will hire you to build THEIRS! ???????,??????????????????
???
??
???
??
??
GitHub ????????
??Git?????????????????????????”experimental”???:

$ git branch experimental
???????????:

$ git branch
??????????????????:

  experimental
* master
“experimental” ?????????,“master”???Git?????????????(“*”)?????????????,??:

$ git checkout experimental
???”experimental”??,??????????,???(commit)??,????? “master”???

(edit file)
$ git commit -a
$ git checkout master
????????????“experimental”????????????;?????????“master”??,??????????????

??????“master”????????????:

(edit file)
$ git commit -a
??,??????????????(diverged);??????????????“experimental”?“master”????:

$ git merge experimental
????????????????(conflict), ??????????????,????????????????????????:

$ git diff
???????????,????????????:

$ git commit -a
??(commit)?????????????:

$ gitk
???gitk????????????????????

??????????? “experimental” ???(????):

$ git branch -d experimental
git branch -d???????????????????. ????????????????git branch –D;?????????????”crazy-idea”???:

$ git branch -D crazy-idea
???????????,???????????

????
???????????????????:git merge:

$ git merge branchname
???????"branchname"???????????????(??--??????????????????????????);???????????????

$ git merge next
 100% (4/4) done
Auto-merged file.txt
CONFLICT (content): Merge conflict in file.txt
Automatic merge failed; fix conflicts and then commit the result.
??????????????,?????????????????? ????(index)??,?git commit?????,??????????? ???

????gitk???commit???,???????????:?????? ???,????????????????

????????
??????????????,git??????????????????, ????????????????

???(conflicts)??????????,????????????????,???? git commit????:

$ git commit
file.txt: needs merge
???? git status ???????????(unmerged),??????????????????????:

<<<<<<< HEAD:file.txt
Hello world
=======
Goodbye
>>>>>>> 77976da35a11db4580b80ae27e8d65caf5208086:file.txt
???????????????,(??????????),????????:

$ git add file.txt
$ git commit
??:??????????????????,??????????,????????????????

????????????????????,??git?????????? ???????

??????
?????????????????,??????????,??????????????????:

$ git reset --hard HEAD
??????????????,?????????:

$ git reset --hard ORIG_HEAD
?????????????????,??????????????????????,?? ???????????????

??????
?????????????,??????????,?????????????(commit), ???????????????????

??,?????????????????????,?????????????(commit)????????????,git ??????“????"(fast forward)??;git ?????????(commit),?????????????????

 

??: ????,??????
???? ??? ????    
Horan
?? - 19
?? - 10
+???
0 0
« ???:web????????---??
» ???:jquery?attr?prop???
posted @ 2017-01-09 14:30 Horan ??(5968) ??(0) ?? ??
????????????
?????????????,? ?? ? ??,???????
??
??:Horan
??:2?11??
??:10
??:19
+???
<	2018?2?	>
?	?	?	?	?	?	?
28	29	30	31	1	2	3
4	5	6	7	8	9	10
11	12	13	14	15	16	17
18	19	20	21	22	23	24
25	26	27	28	1	2	3
4	5	6	7	8	9	10
????
css(9)
java(1)
javascript(16)
vue.js(6)
????(43)
??????(10)
????
2017?12? (2)
2017?11? (3)
2017?9? (1)
2017?4? (1)
2017?3? (14)
2017?2? (3)
2017?1? (11)
2016?12? (5)
2016?11? (16)
?????
1. Git ? SSH key ????(29461)
2. JQuery ??div??,?????????(15273)
3. GitHub ????????(5968)
4. JavaScript???????grunt?gulp?webpack??(4658)
5. ????div??? ?????????(3235)
?????
1. npm??????win??????(1)
2. web??????(1)
Copyright ©2018 Horan